    0    1v   97
    4
   18
   10   60   18   30
  804

Completion took 3651 ms