    9    6    6bc   26    5
Completion took 22999 ms